[mykeinstein.github.io/toluwade/ToluWade/index.html]
[backblue.gif]
[fade.gif]
[index.html]
[mykeinstein.github.io/toluwade/ToluWade/assets/img/ogp.png]
[mykeinstein.github.io/toluwade/ToluWade/assets/css/jquery.fullPage.css]
[mykeinstein.github.io/toluwade/ToluWade/assets/css/common.css]
[mykeinstein.github.io/toluwade/use.fontawesome.com/releases/v5.0.6/css/all.css]
[mykeinstein.github.io/toluwade/ToluWade/favicon.ico]
[mykeinstein.github.io/toluwade/ToluWade/apple-touch-icon.png]
[mykeinstein.github.io/toluwade/ToluWade/awwwards.css]
[mykeinstein.github.io/toluwade/ToluWade/reile.html]
[mykeinstein.github.io/toluwade/ToluWade/about.html]
[mykeinstein.github.io/toluwade/ToluWade/assets/img/cloud1.svg]
[mykeinstein.github.io/toluwade/ToluWade/assets/img/b_cloud02.svg]
[mykeinstein.github.io/toluwade/ToluWade/assets/img/cloud2.svg]
[mykeinstein.github.io/toluwade/ToluWade/assets/img/moon.svg]
[mykeinstein.github.io/toluwade/ToluWade/assets/img/cloud3.svg]
[mykeinstein.github.io/toluwade/ToluWade/assets/img/b_cloud01.svg]
[mykeinstein.github.io/toluwade/ToluWade/assets/img/star.svg]
[mykeinstein.github.io/toluwade/ajax.googleapis.com/ajax/libs/jquery/3.3.1/jquery.min.js]
[mykeinstein.github.io/toluwade/ToluWade/assets/js/jquery.fullPage.js]
[mykeinstein.github.io/toluwade/cdnjs.cloudflare.com/ajax/libs/animejs/2.2.0/anime.min.js]
[mykeinstein.github.io/toluwade/ToluWade/assets/js/parallax.js]
[mykeinstein.github.io/toluwade/cdnjs.cloudflare.com/ajax/libs/barba.js/1.0.0/barba.min.js]
[mykeinstein.github.io/toluwade/ToluWade/assets/js/common.min.js]
[mykeinstein.github.io/toluwade/ToluWade/index.html]
[mykeinstein.github.io/toluwade/ToluWade/assets/css/jquery.fullPage.css]
[mykeinstein.github.io/toluwade/ToluWade/assets/font/Futura-Med.eot]
[mykeinstein.github.io/toluwade/ToluWade/assets/font/Futura-Med.woff]
[mykeinstein.github.io/toluwade/ToluWade/assets/font/Futura-Boo.eot]
[mykeinstein.github.io/toluwade/ToluWade/assets/font/Futura-Boo.woff]
[mykeinstein.github.io/toluwade/ToluWade/assets/font/Futura-Bol.eot]
[mykeinstein.github.io/toluwade/ToluWade/assets/font/Futura-Bol.woff]
[mykeinstein.github.io/toluwade/ToluWade/assets/font/Futura-Dem.eot]
[mykeinstein.github.io/toluwade/ToluWade/assets/font/Futura-Dem.woff]
[mykeinstein.github.io/toluwade/ToluWade/assets/img/reile.jpg]
[mykeinstein.github.io/toluwade/ToluWade/assets/img/about.jpg]
[mykeinstein.github.io/toluwade/ToluWade/assets/img/contact.jpg]
[mykeinstein.github.io/toluwade/ToluWade/assets/img/moonlight.svg]
[mykeinstein.github.io/toluwade/ToluWade/assets/img/Perspective.jpg]
[mykeinstein.github.io/toluwade/ToluWade/assets/css/common.css]
[mykeinstein.github.io/toluwade/use.fontawesome.com/releases/v5.0.6/css/all.css]
[mykeinstein.github.io/toluwade/ToluWade/ribbons/awwwards_honorable_black_left.html]
[mykeinstein.github.io/toluwade/ToluWade/ribbons/awwwards_honorable_black_right.html]
[mykeinstein.github.io/toluwade/ToluWade/ribbons/awwwards_honorable_silver_left.html]
[mykeinstein.github.io/toluwade/ToluWade/ribbons/awwwards_honorable_silver_right.html]
[mykeinstein.github.io/toluwade/ToluWade/ribbons/awwwards_honorable_white_left.html]
[mykeinstein.github.io/toluwade/ToluWade/ribbons/awwwards_honorable_white_right.png]
[mykeinstein.github.io/toluwade/ToluWade/ribbons/awwwards_honorable_green_left.html]
[mykeinstein.github.io/toluwade/ToluWade/ribbons/awwwards_honorable_green_right.html]
[mykeinstein.github.io/toluwade/ToluWade/ribbons/awwwards_honorable_black_left@2x.html]
[mykeinstein.github.io/toluwade/ToluWade/ribbons/awwwards_honorable_black_right@2x.html]
[mykeinstein.github.io/toluwade/ToluWade/ribbons/awwwards_honorable_silver_left@2x.html]
[mykeinstein.github.io/toluwade/ToluWade/ribbons/awwwards_honorable_silver_right@2x.html]
[mykeinstein.github.io/toluwade/ToluWade/ribbons/awwwards_honorable_white_left@2x.html]
[mykeinstein.github.io/toluwade/ToluWade/ribbons/awwwards_honorable_white_right@2x.png]
[mykeinstein.github.io/toluwade/ToluWade/ribbons/awwwards_honorable_green_left@2x.html]
[mykeinstein.github.io/toluwade/ToluWade/ribbons/awwwards_honorable_green_right@2x.html]
[mykeinstein.github.io/toluwade/ToluWade/awwwards.css]
[mykeinstein.github.io/toluwade/ToluWade/assets/img/mockup.png]
[mykeinstein.github.io/toluwade/ToluWade/assets/img/reile_top.jpg]
[mykeinstein.github.io/toluwade/ToluWade/assets/img/reile_about.jpg]
[mykeinstein.github.io/toluwade/ToluWade/reile.html]
[mykeinstein.github.io/toluwade/ToluWade/assets/img/portrait.jpg]
[mykeinstein.github.io/toluwade/ToluWade/assets/img/design-skills.svg]
[mykeinstein.github.io/toluwade/ToluWade/assets/img/tech.svg]
[mykeinstein.github.io/toluwade/ToluWade/assets/img/book-open.svg]
[mykeinstein.github.io/toluwade/ToluWade/assets/img/CEH-logo.png]
[mykeinstein.github.io/toluwade/ToluWade/assets/img/sketch.svg]
[mykeinstein.github.io/toluwade/ToluWade/assets/img/abstract.svg]
[mykeinstein.github.io/toluwade/ToluWade/assets/img/ps.svg]
[mykeinstein.github.io/toluwade/ToluWade/assets/img/pyt.png]
[mykeinstein.github.io/toluwade/ToluWade/assets/img/wix.png]
[mykeinstein.github.io/toluwade/ToluWade/assets/img/lin.png]
[mykeinstein.github.io/toluwade/ToluWade/assets/img/html.svg]
[mykeinstein.github.io/toluwade/ToluWade/assets/img/Hacker Logo.png]
[mykeinstein.github.io/toluwade/ToluWade/assets/img/wp.svg]
[mykeinstein.github.io/toluwade/ToluWade/assets/img/sass.svg]
[mykeinstein.github.io/toluwade/ToluWade/assets/img/js.svg]
[mykeinstein.github.io/toluwade/ToluWade/assets/img/hfh.png]
[mykeinstein.github.io/toluwade/ToluWade/assets/img/hone.png]
[mykeinstein.github.io/toluwade/ToluWade/about.html]
[mykeinstein.github.io/toluwade/ToluWade/assets/img/cloud1.svg]
[mykeinstein.github.io/toluwade/ToluWade/assets/img/b_cloud02.svg]
[mykeinstein.github.io/toluwade/ToluWade/assets/img/cloud2.svg]
[mykeinstein.github.io/toluwade/ToluWade/assets/img/moon.svg]
[mykeinstein.github.io/toluwade/ToluWade/assets/img/cloud3.svg]
[mykeinstein.github.io/toluwade/ToluWade/assets/img/b_cloud01.svg]
[mykeinstein.github.io/toluwade/ToluWade/assets/img/star.svg]
[mykeinstein.github.io/toluwade/ToluWade/assets/img/moonlight.svg]
[mykeinstein.github.io/toluwade/ToluWade/ribbons/awwwards_honorable_black_left.html]
[mykeinstein.github.io/toluwade/ToluWade/ribbons/awwwards_honorable_black_right.html]
[mykeinstein.github.io/toluwade/ToluWade/ribbons/awwwards_honorable_silver_left.html]
[mykeinstein.github.io/toluwade/ToluWade/ribbons/awwwards_honorable_silver_right.html]
[mykeinstein.github.io/toluwade/ToluWade/ribbons/awwwards_honorable_white_left.html]
[mykeinstein.github.io/toluwade/ToluWade/ribbons/awwwards_honorable_green_left.html]
[mykeinstein.github.io/toluwade/ToluWade/ribbons/awwwards_honorable_green_right.html]
[mykeinstein.github.io/toluwade/ToluWade/ribbons/awwwards_honorable_black_left@2x.html]
[mykeinstein.github.io/toluwade/ToluWade/ribbons/awwwards_honorable_black_right@2x.html]
[mykeinstein.github.io/toluwade/ToluWade/ribbons/awwwards_honorable_silver_left@2x.html]
[mykeinstein.github.io/toluwade/ToluWade/ribbons/awwwards_honorable_silver_right@2x.html]
[mykeinstein.github.io/toluwade/ToluWade/ribbons/awwwards_honorable_white_left@2x.html]
[mykeinstein.github.io/toluwade/ToluWade/ribbons/awwwards_honorable_green_left@2x.html]
[mykeinstein.github.io/toluwade/ToluWade/ribbons/awwwards_honorable_green_right@2x.html]
[mykeinstein.github.io/toluwade/ToluWade/assets/img/design-skills.svg]
[mykeinstein.github.io/toluwade/ToluWade/assets/img/tech.svg]
[mykeinstein.github.io/toluwade/ToluWade/assets/img/book-open.svg]
[mykeinstein.github.io/toluwade/ToluWade/assets/img/sketch.svg]
[mykeinstein.github.io/toluwade/ToluWade/assets/img/abstract.svg]
[mykeinstein.github.io/toluwade/ToluWade/assets/img/ps.svg]
[mykeinstein.github.io/toluwade/ToluWade/assets/img/html.svg]
[mykeinstein.github.io/toluwade/ToluWade/assets/img/wp.svg]
[mykeinstein.github.io/toluwade/ToluWade/assets/img/sass.svg]
[mykeinstein.github.io/toluwade/ToluWade/assets/img/js.svg]
